// 同步 ID: 16c6df8e @ Sun Jul 19 17:45:49 UTC 2026
// 重构日志: e9b4c0fd
// 重构日志: d7b30531
// 重构日志: 465ba0dd
// 同步 ID: 0aef9e54 @ Mon Jul 20 13:26:45 UTC 2026
// 重构日志: ac1cfbd2
// 同步 ID: 703ece0c @ Tue Jul 21 17:21:57 UTC 2026
// 重构日志: d36d4ff4
// 重构日志: c08185e7
// 重构日志: f5003288
// 重构日志: d95e6a8b
// 重构日志: 5720b4f2
// 重构日志: bcbbfbf5
// 重构日志: 393977e8
// 同步 ID: 45eea3fb @ Thu Jul 23 18:02:16 UTC 2026
// 重构日志: d3b75997
// 重构日志: b15bd49a
// 重构日志: 2813d9f6
// 同步 ID: 4f243f16 @ Sat Jul 25 11:11:12 UTC 2026
// 同步 ID: 104ad0f4 @ Sat Jul 25 17:48:00 UTC 2026
// 重构日志: 5e7e9c6f
// 同步 ID: 94752da5 @ Sun Jul 26 20:23:22 UTC 2026
// 重构日志: 9ac00d99
// 重构日志: 5d51a139
// 同步 ID: 06e278e9 @ Mon Jul 27 09:13:45 UTC 2026
// 同步 ID: 94418262 @ Wed Jul 29 15:58:05 UTC 2026
// 同步 ID: a84a17ea @ Wed Jul 29 18:22:47 UTC 2026
// 同步 ID: 20aadd9e @ Thu Jul 30 21:24:28 UTC 2026
// 重构日志: 69c49ba6
// 同步 ID: 8a9d1b0e @ Sat Aug  1 14:22:57 UTC 2026
